


ARM Macro Assembler    Page 1 


    1 00000000                 area             program,code,readonly
    2 00000000                 entry
    3 00000000         main
    4 00000000 E3A01001        mov              r1,#1
    5 00000004 E3A02002        mov              r2,#2
    6 00000008 E3A03003        mov              r3,#3
    7 0000000C E0000392        mul              r0,r2,r3
    8 00000010 E0800001        add              r0,r0,r1
    9 00000014 E1A000C0        mov              r0,r0,asr #1
   10 00000018                 area             program,data,readonly
   11 00000018                 end
Command Line: --debug --xref --diag_suppress=9931 --bi --apcs=interwork --depen
d=.\objects\4_3z.d -o.\objects\4_3z.o -IC:\Keil_v5\ARM\RV31\INC -IC:\Keil_v5\AR
M\CMSIS\Include --predefine="__EVAL SETA 1" --predefine="__UVISION_VERSION SETA
 525" --list=.\listings\4_3z.lst 4_3z.asm



ARM Macro Assembler    Page 1 Alphabetic symbol ordering
Relocatable symbols

main 00000000

Symbol: main
   Definitions
      At line 3 in file 4_3z.asm
   Uses
      None
Comment: main unused
program 00000000

Symbol: program
   Definitions
      At line 1 in file 4_3z.asm
   Uses
      None
Comment: program unused
2 symbols
334 symbols in table
