


ARM Macro Assembler    Page 1 


    1 00000000                 AREA             Program, CODE, READONLY
    2 00000000         ENTRY
    3 00000000         MAIN
    4 00000000 E59F0028        ldr              r0,=arr
    5 00000004 E5D01000        ldrb             r1,[r0]     ;small
    6 00000008 E5D02000        ldrb             r2,[r0]     ;large
    7 0000000C E59F4028        ldr              r4,count
    8 00000010         loop
    9 00000010 E4D03001        ldrb             r3,[r0],#0x01
   10 00000014 E1530001        CMP              r3,r1
   11 00000018 B1A01003        MOVLT            r1,r3
   12 0000001C E1530002        CMP              r3,r2
   13 00000020 C1A02003        MOVGT            r2,r3
   14 00000024 E2444001        SUB              r4, r4, #1
   15 00000028 E3540000        CMP              r4, #0x00
   16 0000002C 1AFFFFF7        BNE              loop
   17 00000030         
   18 00000030 00000000        AREA             Program, DATA, READONLY
   19 00000034 04 0A 01 
              05 07 09 
              03 02    arr     DCB              4,10,1,5,7,9,3,2
   20 0000003C 00000008 
                       count   DCD              &8
   21 00000040                 END
Command Line: --debug --xref --diag_suppress=9931 --bi --apcs=interwork --depen
d=.\objects\eval2_q1.d -o.\objects\eval2_q1.o -IC:\Keil_v5\ARM\RV31\INC -IC:\Ke
il_v5\ARM\CMSIS\Include --predefine="__EVAL SETA 1" --predefine="__UVISION_VERS
ION SETA 525" --list=.\listings\eval2_q1.lst eval2_q1.asm



ARM Macro Assembler    Page 1 Alphabetic symbol ordering
Relocatable symbols

ENTRY 00000000

Symbol: ENTRY
   Definitions
      At line 2 in file eval2_q1.asm
   Uses
      None
Comment: ENTRY unused
MAIN 00000000

Symbol: MAIN
   Definitions
      At line 3 in file eval2_q1.asm
   Uses
      None
Comment: MAIN unused
Program 00000000

Symbol: Program
   Definitions
      At line 1 in file eval2_q1.asm
   Uses
      None
Comment: Program unused
arr 00000034

Symbol: arr
   Definitions
      At line 19 in file eval2_q1.asm
   Uses
      At line 4 in file eval2_q1.asm
Comment: arr used once
count 0000003C

Symbol: count
   Definitions
      At line 20 in file eval2_q1.asm
   Uses
      At line 7 in file eval2_q1.asm
Comment: count used once
loop 00000010

Symbol: loop
   Definitions
      At line 8 in file eval2_q1.asm
   Uses
      At line 16 in file eval2_q1.asm
Comment: loop used once
6 symbols
340 symbols in table
