


ARM Macro Assembler    Page 1 


    1 00000000                 AREA             program,CODE,READONLY
    2 00000000         ENTRY
    3 00000000 E3A01001        mov              r1,#1
    4 00000004 E3A02002        mov              r2,#2
    5 00000008 E3A03003        mov              r3,#3
    6 0000000C E0000392        mul              r0,r2,r3
    7 00000010 E0800001        add              r0,r0,r1
    8 00000014 E1A000C0        mov              r0,r0,ASR #1
    9 00000018                 END
Command Line: --debug --xref --diag_suppress=9931 --bi --apcs=interwork --depen
d=.\objects\q3_3.d -o.\objects\q3_3.o -IC:\Keil_v5\ARM\RV31\INC -IC:\Keil_v5\AR
M\CMSIS\Include --predefine="__EVAL SETA 1" --predefine="__UVISION_VERSION SETA
 525" --list=.\listings\q3_3.lst q3_3.asm



ARM Macro Assembler    Page 1 Alphabetic symbol ordering
Relocatable symbols

ENTRY 00000000

Symbol: ENTRY
   Definitions
      At line 2 in file q3_3.asm
   Uses
      None
Comment: ENTRY unused
program 00000000

Symbol: program
   Definitions
      At line 1 in file q3_3.asm
   Uses
      None
Comment: program unused
2 symbols
334 symbols in table
